// Jest Snapshot v1, https://goo.gl/fbAQLP

exports[`Renders without crashing 1`] = `
<div
  className="App"
>
  <Header />
  <TodoList />
</div>
`;
