// Jest Snapshot v1, https://goo.gl/fbAQLP

exports[`Renders without crashing 1`] = `
<header
  className="Header bg-black-90 w-100 ph3 pv3 pv4-ns ph4-m ph5-l tc"
>
  <nav
    className="f6 fw6 ttu tracked"
  >
    <NavLink
      to="/"
    >
      Todo
    </NavLink>
  </nav>
</header>
`;
