// Jest Snapshot v1, https://goo.gl/fbAQLP

exports[`Renders initial state without crashing 1`] = `
<div
  className="TodoList ph3 mv4"
>
  <div
    className="TodoForm center mw-100 mw8-ns ba bw1 b--black-40 br2 mv3"
  >
    <form
      onSubmit={[Function]}
    >
      <div
        className="flex items-center pa3 f4 f4-ns lh-copy"
      >
        <button
          className="SubmitButton f3 dt"
          type="submit"
        >
          <div
            className="Symbol dtc"
          >
            +
          </div>
        </button>
        <input
          className="Input mw-100"
          onChange={[Function]}
          type="text"
          value=""
        />
      </div>
    </form>
  </div>
</div>
`;
